[2026-06-23T15:52:47.530+0000] {processor.py:157} INFO - Started process (PID=233) to work on /opt/airflow/dags/models/BTC_s1_n10_lstm_model.pth
[2026-06-23T15:52:47.534+0000] {processor.py:829} INFO - Processing file /opt/airflow/dags/models/BTC_s1_n10_lstm_model.pth for tasks to queue
[2026-06-23T15:52:47.536+0000] {logging_mixin.py:151} INFO - [2026-06-23T15:52:47.535+0000] {dagbag.py:539} INFO - Filling up the DagBag from /opt/airflow/dags/models/BTC_s1_n10_lstm_model.pth
[2026-06-23T15:52:47.548+0000] {processor.py:841} WARNING - No viable dags retrieved from /opt/airflow/dags/models/BTC_s1_n10_lstm_model.pth
[2026-06-23T15:52:47.573+0000] {processor.py:179} INFO - Processing /opt/airflow/dags/models/BTC_s1_n10_lstm_model.pth took 0.052 seconds
[2026-06-23T15:53:19.935+0000] {processor.py:157} INFO - Started process (PID=286) to work on /opt/airflow/dags/models/BTC_s1_n10_lstm_model.pth
[2026-06-23T15:53:19.937+0000] {processor.py:829} INFO - Processing file /opt/airflow/dags/models/BTC_s1_n10_lstm_model.pth for tasks to queue
[2026-06-23T15:53:19.939+0000] {logging_mixin.py:151} INFO - [2026-06-23T15:53:19.938+0000] {dagbag.py:539} INFO - Filling up the DagBag from /opt/airflow/dags/models/BTC_s1_n10_lstm_model.pth
[2026-06-23T15:53:19.949+0000] {processor.py:841} WARNING - No viable dags retrieved from /opt/airflow/dags/models/BTC_s1_n10_lstm_model.pth
[2026-06-23T15:53:19.963+0000] {processor.py:179} INFO - Processing /opt/airflow/dags/models/BTC_s1_n10_lstm_model.pth took 0.032 seconds
[2026-06-23T15:53:52.956+0000] {processor.py:157} INFO - Started process (PID=319) to work on /opt/airflow/dags/models/BTC_s1_n10_lstm_model.pth
[2026-06-23T15:53:52.957+0000] {processor.py:829} INFO - Processing file /opt/airflow/dags/models/BTC_s1_n10_lstm_model.pth for tasks to queue
[2026-06-23T15:53:52.958+0000] {logging_mixin.py:151} INFO - [2026-06-23T15:53:52.957+0000] {dagbag.py:539} INFO - Filling up the DagBag from /opt/airflow/dags/models/BTC_s1_n10_lstm_model.pth
[2026-06-23T15:53:52.975+0000] {processor.py:841} WARNING - No viable dags retrieved from /opt/airflow/dags/models/BTC_s1_n10_lstm_model.pth
[2026-06-23T15:53:52.988+0000] {processor.py:179} INFO - Processing /opt/airflow/dags/models/BTC_s1_n10_lstm_model.pth took 0.036 seconds
[2026-06-23T15:54:26.611+0000] {processor.py:157} INFO - Started process (PID=352) to work on /opt/airflow/dags/models/BTC_s1_n10_lstm_model.pth
[2026-06-23T15:54:26.612+0000] {processor.py:829} INFO - Processing file /opt/airflow/dags/models/BTC_s1_n10_lstm_model.pth for tasks to queue
[2026-06-23T15:54:26.613+0000] {logging_mixin.py:151} INFO - [2026-06-23T15:54:26.613+0000] {dagbag.py:539} INFO - Filling up the DagBag from /opt/airflow/dags/models/BTC_s1_n10_lstm_model.pth
[2026-06-23T15:54:26.621+0000] {processor.py:841} WARNING - No viable dags retrieved from /opt/airflow/dags/models/BTC_s1_n10_lstm_model.pth
[2026-06-23T15:54:26.634+0000] {processor.py:179} INFO - Processing /opt/airflow/dags/models/BTC_s1_n10_lstm_model.pth took 0.026 seconds
[2026-06-23T15:55:05.515+0000] {processor.py:157} INFO - Started process (PID=392) to work on /opt/airflow/dags/models/BTC_s1_n10_lstm_model.pth
[2026-06-23T15:55:05.517+0000] {processor.py:829} INFO - Processing file /opt/airflow/dags/models/BTC_s1_n10_lstm_model.pth for tasks to queue
[2026-06-23T15:55:05.523+0000] {logging_mixin.py:151} INFO - [2026-06-23T15:55:05.522+0000] {dagbag.py:539} INFO - Filling up the DagBag from /opt/airflow/dags/models/BTC_s1_n10_lstm_model.pth
[2026-06-23T15:55:05.556+0000] {processor.py:841} WARNING - No viable dags retrieved from /opt/airflow/dags/models/BTC_s1_n10_lstm_model.pth
[2026-06-23T15:55:05.598+0000] {processor.py:179} INFO - Processing /opt/airflow/dags/models/BTC_s1_n10_lstm_model.pth took 0.100 seconds
[2026-06-23T15:55:40.795+0000] {processor.py:157} INFO - Started process (PID=425) to work on /opt/airflow/dags/models/BTC_s1_n10_lstm_model.pth
[2026-06-23T15:55:40.800+0000] {processor.py:829} INFO - Processing file /opt/airflow/dags/models/BTC_s1_n10_lstm_model.pth for tasks to queue
[2026-06-23T15:55:40.802+0000] {logging_mixin.py:151} INFO - [2026-06-23T15:55:40.802+0000] {dagbag.py:539} INFO - Filling up the DagBag from /opt/airflow/dags/models/BTC_s1_n10_lstm_model.pth
[2026-06-23T15:55:40.827+0000] {processor.py:841} WARNING - No viable dags retrieved from /opt/airflow/dags/models/BTC_s1_n10_lstm_model.pth
[2026-06-23T15:55:41.102+0000] {processor.py:179} INFO - Processing /opt/airflow/dags/models/BTC_s1_n10_lstm_model.pth took 0.313 seconds
[2026-06-23T15:56:18.937+0000] {processor.py:157} INFO - Started process (PID=476) to work on /opt/airflow/dags/models/BTC_s1_n10_lstm_model.pth
[2026-06-23T15:56:18.941+0000] {processor.py:829} INFO - Processing file /opt/airflow/dags/models/BTC_s1_n10_lstm_model.pth for tasks to queue
[2026-06-23T15:56:18.943+0000] {logging_mixin.py:151} INFO - [2026-06-23T15:56:18.943+0000] {dagbag.py:539} INFO - Filling up the DagBag from /opt/airflow/dags/models/BTC_s1_n10_lstm_model.pth
[2026-06-23T15:56:18.958+0000] {processor.py:841} WARNING - No viable dags retrieved from /opt/airflow/dags/models/BTC_s1_n10_lstm_model.pth
[2026-06-23T15:56:18.991+0000] {processor.py:179} INFO - Processing /opt/airflow/dags/models/BTC_s1_n10_lstm_model.pth took 0.059 seconds
[2026-06-23T15:56:57.604+0000] {processor.py:157} INFO - Started process (PID=509) to work on /opt/airflow/dags/models/BTC_s1_n10_lstm_model.pth
[2026-06-23T15:56:57.606+0000] {processor.py:829} INFO - Processing file /opt/airflow/dags/models/BTC_s1_n10_lstm_model.pth for tasks to queue
[2026-06-23T15:56:57.610+0000] {logging_mixin.py:151} INFO - [2026-06-23T15:56:57.610+0000] {dagbag.py:539} INFO - Filling up the DagBag from /opt/airflow/dags/models/BTC_s1_n10_lstm_model.pth
[2026-06-23T15:56:57.631+0000] {processor.py:841} WARNING - No viable dags retrieved from /opt/airflow/dags/models/BTC_s1_n10_lstm_model.pth
[2026-06-23T15:56:57.658+0000] {processor.py:179} INFO - Processing /opt/airflow/dags/models/BTC_s1_n10_lstm_model.pth took 0.061 seconds
[2026-06-23T15:57:31.691+0000] {processor.py:157} INFO - Started process (PID=549) to work on /opt/airflow/dags/models/BTC_s1_n10_lstm_model.pth
[2026-06-23T15:57:31.692+0000] {processor.py:829} INFO - Processing file /opt/airflow/dags/models/BTC_s1_n10_lstm_model.pth for tasks to queue
[2026-06-23T15:57:31.693+0000] {logging_mixin.py:151} INFO - [2026-06-23T15:57:31.693+0000] {dagbag.py:539} INFO - Filling up the DagBag from /opt/airflow/dags/models/BTC_s1_n10_lstm_model.pth
[2026-06-23T15:57:31.703+0000] {processor.py:841} WARNING - No viable dags retrieved from /opt/airflow/dags/models/BTC_s1_n10_lstm_model.pth
[2026-06-23T15:57:31.720+0000] {processor.py:179} INFO - Processing /opt/airflow/dags/models/BTC_s1_n10_lstm_model.pth took 0.033 seconds
[2026-06-23T15:58:05.551+0000] {processor.py:157} INFO - Started process (PID=582) to work on /opt/airflow/dags/models/BTC_s1_n10_lstm_model.pth
[2026-06-23T15:58:05.552+0000] {processor.py:829} INFO - Processing file /opt/airflow/dags/models/BTC_s1_n10_lstm_model.pth for tasks to queue
[2026-06-23T15:58:05.554+0000] {logging_mixin.py:151} INFO - [2026-06-23T15:58:05.553+0000] {dagbag.py:539} INFO - Filling up the DagBag from /opt/airflow/dags/models/BTC_s1_n10_lstm_model.pth
[2026-06-23T15:58:05.564+0000] {processor.py:841} WARNING - No viable dags retrieved from /opt/airflow/dags/models/BTC_s1_n10_lstm_model.pth
[2026-06-23T15:58:05.584+0000] {processor.py:179} INFO - Processing /opt/airflow/dags/models/BTC_s1_n10_lstm_model.pth took 0.037 seconds
[2026-06-23T15:58:38.770+0000] {processor.py:157} INFO - Started process (PID=617) to work on /opt/airflow/dags/models/BTC_s1_n10_lstm_model.pth
[2026-06-23T15:58:38.772+0000] {processor.py:829} INFO - Processing file /opt/airflow/dags/models/BTC_s1_n10_lstm_model.pth for tasks to queue
[2026-06-23T15:58:38.773+0000] {logging_mixin.py:151} INFO - [2026-06-23T15:58:38.772+0000] {dagbag.py:539} INFO - Filling up the DagBag from /opt/airflow/dags/models/BTC_s1_n10_lstm_model.pth
[2026-06-23T15:58:38.783+0000] {processor.py:841} WARNING - No viable dags retrieved from /opt/airflow/dags/models/BTC_s1_n10_lstm_model.pth
[2026-06-23T15:58:38.797+0000] {processor.py:179} INFO - Processing /opt/airflow/dags/models/BTC_s1_n10_lstm_model.pth took 0.031 seconds
[2026-06-23T15:59:12.480+0000] {processor.py:157} INFO - Started process (PID=660) to work on /opt/airflow/dags/models/BTC_s1_n10_lstm_model.pth
[2026-06-23T15:59:12.481+0000] {processor.py:829} INFO - Processing file /opt/airflow/dags/models/BTC_s1_n10_lstm_model.pth for tasks to queue
[2026-06-23T15:59:12.482+0000] {logging_mixin.py:151} INFO - [2026-06-23T15:59:12.482+0000] {dagbag.py:539} INFO - Filling up the DagBag from /opt/airflow/dags/models/BTC_s1_n10_lstm_model.pth
[2026-06-23T15:59:12.491+0000] {processor.py:841} WARNING - No viable dags retrieved from /opt/airflow/dags/models/BTC_s1_n10_lstm_model.pth
[2026-06-23T15:59:12.507+0000] {processor.py:179} INFO - Processing /opt/airflow/dags/models/BTC_s1_n10_lstm_model.pth took 0.032 seconds
[2026-06-23T15:59:48.308+0000] {processor.py:157} INFO - Started process (PID=693) to work on /opt/airflow/dags/models/BTC_s1_n10_lstm_model.pth
[2026-06-23T15:59:48.310+0000] {processor.py:829} INFO - Processing file /opt/airflow/dags/models/BTC_s1_n10_lstm_model.pth for tasks to queue
[2026-06-23T15:59:48.311+0000] {logging_mixin.py:151} INFO - [2026-06-23T15:59:48.310+0000] {dagbag.py:539} INFO - Filling up the DagBag from /opt/airflow/dags/models/BTC_s1_n10_lstm_model.pth
[2026-06-23T15:59:48.318+0000] {processor.py:841} WARNING - No viable dags retrieved from /opt/airflow/dags/models/BTC_s1_n10_lstm_model.pth
[2026-06-23T15:59:48.332+0000] {processor.py:179} INFO - Processing /opt/airflow/dags/models/BTC_s1_n10_lstm_model.pth took 0.028 seconds
[2026-06-23T16:00:26.094+0000] {processor.py:157} INFO - Started process (PID=726) to work on /opt/airflow/dags/models/BTC_s1_n10_lstm_model.pth
[2026-06-23T16:00:26.096+0000] {processor.py:829} INFO - Processing file /opt/airflow/dags/models/BTC_s1_n10_lstm_model.pth for tasks to queue
[2026-06-23T16:00:26.098+0000] {logging_mixin.py:151} INFO - [2026-06-23T16:00:26.097+0000] {dagbag.py:539} INFO - Filling up the DagBag from /opt/airflow/dags/models/BTC_s1_n10_lstm_model.pth
[2026-06-23T16:00:26.106+0000] {processor.py:841} WARNING - No viable dags retrieved from /opt/airflow/dags/models/BTC_s1_n10_lstm_model.pth
[2026-06-23T16:00:26.123+0000] {processor.py:179} INFO - Processing /opt/airflow/dags/models/BTC_s1_n10_lstm_model.pth took 0.032 seconds
[2026-06-23T16:01:03.517+0000] {processor.py:157} INFO - Started process (PID=766) to work on /opt/airflow/dags/models/BTC_s1_n10_lstm_model.pth
[2026-06-23T16:01:03.520+0000] {processor.py:829} INFO - Processing file /opt/airflow/dags/models/BTC_s1_n10_lstm_model.pth for tasks to queue
[2026-06-23T16:01:03.522+0000] {logging_mixin.py:151} INFO - [2026-06-23T16:01:03.521+0000] {dagbag.py:539} INFO - Filling up the DagBag from /opt/airflow/dags/models/BTC_s1_n10_lstm_model.pth
[2026-06-23T16:01:03.532+0000] {processor.py:841} WARNING - No viable dags retrieved from /opt/airflow/dags/models/BTC_s1_n10_lstm_model.pth
[2026-06-23T16:01:03.551+0000] {processor.py:179} INFO - Processing /opt/airflow/dags/models/BTC_s1_n10_lstm_model.pth took 0.038 seconds
[2026-06-23T16:01:39.457+0000] {processor.py:157} INFO - Started process (PID=801) to work on /opt/airflow/dags/models/BTC_s1_n10_lstm_model.pth
[2026-06-23T16:01:39.458+0000] {processor.py:829} INFO - Processing file /opt/airflow/dags/models/BTC_s1_n10_lstm_model.pth for tasks to queue
[2026-06-23T16:01:39.459+0000] {logging_mixin.py:151} INFO - [2026-06-23T16:01:39.459+0000] {dagbag.py:539} INFO - Filling up the DagBag from /opt/airflow/dags/models/BTC_s1_n10_lstm_model.pth
[2026-06-23T16:01:39.470+0000] {processor.py:841} WARNING - No viable dags retrieved from /opt/airflow/dags/models/BTC_s1_n10_lstm_model.pth
[2026-06-23T16:01:39.486+0000] {processor.py:179} INFO - Processing /opt/airflow/dags/models/BTC_s1_n10_lstm_model.pth took 0.032 seconds
