[2026-06-23T15:52:38.367+0000] {processor.py:157} INFO - Started process (PID=182) to work on /opt/airflow/dags/binance_daily_dag.py
[2026-06-23T15:52:38.370+0000] {processor.py:829} INFO - Processing file /opt/airflow/dags/binance_daily_dag.py for tasks to queue
[2026-06-23T15:52:38.372+0000] {logging_mixin.py:151} INFO - [2026-06-23T15:52:38.371+0000] {dagbag.py:539} INFO - Filling up the DagBag from /opt/airflow/dags/binance_daily_dag.py
[2026-06-23T15:52:46.725+0000] {processor.py:839} INFO - DAG(s) dict_keys(['daily_crypto_lstm_pipeline']) retrieved from /opt/airflow/dags/binance_daily_dag.py
[2026-06-23T15:52:46.805+0000] {logging_mixin.py:151} INFO - [2026-06-23T15:52:46.805+0000] {dag.py:2915} INFO - Sync 1 DAGs
[2026-06-23T15:52:46.842+0000] {logging_mixin.py:151} INFO - [2026-06-23T15:52:46.841+0000] {dag.py:3696} INFO - Setting next_dagrun for daily_crypto_lstm_pipeline to 2026-06-23T00:02:00+00:00, run_after=2026-06-24T00:02:00+00:00
[2026-06-23T15:52:46.875+0000] {processor.py:179} INFO - Processing /opt/airflow/dags/binance_daily_dag.py took 8.514 seconds
[2026-06-23T15:53:17.348+0000] {processor.py:157} INFO - Started process (PID=277) to work on /opt/airflow/dags/binance_daily_dag.py
[2026-06-23T15:53:17.348+0000] {processor.py:829} INFO - Processing file /opt/airflow/dags/binance_daily_dag.py for tasks to queue
[2026-06-23T15:53:17.349+0000] {logging_mixin.py:151} INFO - [2026-06-23T15:53:17.349+0000] {dagbag.py:539} INFO - Filling up the DagBag from /opt/airflow/dags/binance_daily_dag.py
[2026-06-23T15:53:19.883+0000] {processor.py:839} INFO - DAG(s) dict_keys(['daily_crypto_lstm_pipeline']) retrieved from /opt/airflow/dags/binance_daily_dag.py
[2026-06-23T15:53:19.902+0000] {logging_mixin.py:151} INFO - [2026-06-23T15:53:19.902+0000] {dag.py:2915} INFO - Sync 1 DAGs
[2026-06-23T15:53:19.924+0000] {logging_mixin.py:151} INFO - [2026-06-23T15:53:19.924+0000] {dag.py:3696} INFO - Setting next_dagrun for daily_crypto_lstm_pipeline to 2026-06-23T00:02:00+00:00, run_after=2026-06-24T00:02:00+00:00
[2026-06-23T15:53:19.945+0000] {processor.py:179} INFO - Processing /opt/airflow/dags/binance_daily_dag.py took 2.601 seconds
[2026-06-23T15:53:50.245+0000] {processor.py:157} INFO - Started process (PID=310) to work on /opt/airflow/dags/binance_daily_dag.py
[2026-06-23T15:53:50.247+0000] {processor.py:829} INFO - Processing file /opt/airflow/dags/binance_daily_dag.py for tasks to queue
[2026-06-23T15:53:50.249+0000] {logging_mixin.py:151} INFO - [2026-06-23T15:53:50.248+0000] {dagbag.py:539} INFO - Filling up the DagBag from /opt/airflow/dags/binance_daily_dag.py
[2026-06-23T15:53:52.890+0000] {processor.py:839} INFO - DAG(s) dict_keys(['daily_crypto_lstm_pipeline']) retrieved from /opt/airflow/dags/binance_daily_dag.py
[2026-06-23T15:53:52.909+0000] {logging_mixin.py:151} INFO - [2026-06-23T15:53:52.909+0000] {dag.py:2915} INFO - Sync 1 DAGs
[2026-06-23T15:53:52.937+0000] {logging_mixin.py:151} INFO - [2026-06-23T15:53:52.937+0000] {dag.py:3696} INFO - Setting next_dagrun for daily_crypto_lstm_pipeline to 2026-06-23T00:02:00+00:00, run_after=2026-06-24T00:02:00+00:00
[2026-06-23T15:53:52.960+0000] {processor.py:179} INFO - Processing /opt/airflow/dags/binance_daily_dag.py took 2.719 seconds
[2026-06-23T15:54:23.356+0000] {processor.py:157} INFO - Started process (PID=343) to work on /opt/airflow/dags/binance_daily_dag.py
[2026-06-23T15:54:23.357+0000] {processor.py:829} INFO - Processing file /opt/airflow/dags/binance_daily_dag.py for tasks to queue
[2026-06-23T15:54:23.358+0000] {logging_mixin.py:151} INFO - [2026-06-23T15:54:23.358+0000] {dagbag.py:539} INFO - Filling up the DagBag from /opt/airflow/dags/binance_daily_dag.py
[2026-06-23T15:54:26.540+0000] {processor.py:839} INFO - DAG(s) dict_keys(['daily_crypto_lstm_pipeline']) retrieved from /opt/airflow/dags/binance_daily_dag.py
[2026-06-23T15:54:26.560+0000] {logging_mixin.py:151} INFO - [2026-06-23T15:54:26.559+0000] {dag.py:2915} INFO - Sync 1 DAGs
[2026-06-23T15:54:26.580+0000] {logging_mixin.py:151} INFO - [2026-06-23T15:54:26.580+0000] {dag.py:3696} INFO - Setting next_dagrun for daily_crypto_lstm_pipeline to 2026-06-23T00:02:00+00:00, run_after=2026-06-24T00:02:00+00:00
[2026-06-23T15:54:26.640+0000] {processor.py:179} INFO - Processing /opt/airflow/dags/binance_daily_dag.py took 3.297 seconds
[2026-06-23T15:54:57.165+0000] {processor.py:157} INFO - Started process (PID=376) to work on /opt/airflow/dags/binance_daily_dag.py
[2026-06-23T15:54:57.167+0000] {processor.py:829} INFO - Processing file /opt/airflow/dags/binance_daily_dag.py for tasks to queue
[2026-06-23T15:54:57.169+0000] {logging_mixin.py:151} INFO - [2026-06-23T15:54:57.168+0000] {dagbag.py:539} INFO - Filling up the DagBag from /opt/airflow/dags/binance_daily_dag.py
[2026-06-23T15:55:05.296+0000] {processor.py:839} INFO - DAG(s) dict_keys(['daily_crypto_lstm_pipeline']) retrieved from /opt/airflow/dags/binance_daily_dag.py
[2026-06-23T15:55:05.344+0000] {logging_mixin.py:151} INFO - [2026-06-23T15:55:05.343+0000] {dag.py:2915} INFO - Sync 1 DAGs
[2026-06-23T15:55:05.408+0000] {logging_mixin.py:151} INFO - [2026-06-23T15:55:05.408+0000] {dag.py:3696} INFO - Setting next_dagrun for daily_crypto_lstm_pipeline to 2026-06-23T00:02:00+00:00, run_after=2026-06-24T00:02:00+00:00
[2026-06-23T15:55:05.557+0000] {processor.py:179} INFO - Processing /opt/airflow/dags/binance_daily_dag.py took 8.400 seconds
[2026-06-23T15:55:35.878+0000] {processor.py:157} INFO - Started process (PID=416) to work on /opt/airflow/dags/binance_daily_dag.py
[2026-06-23T15:55:35.880+0000] {processor.py:829} INFO - Processing file /opt/airflow/dags/binance_daily_dag.py for tasks to queue
[2026-06-23T15:55:35.881+0000] {logging_mixin.py:151} INFO - [2026-06-23T15:55:35.881+0000] {dagbag.py:539} INFO - Filling up the DagBag from /opt/airflow/dags/binance_daily_dag.py
[2026-06-23T15:55:40.656+0000] {processor.py:839} INFO - DAG(s) dict_keys(['daily_crypto_lstm_pipeline']) retrieved from /opt/airflow/dags/binance_daily_dag.py
[2026-06-23T15:55:40.698+0000] {logging_mixin.py:151} INFO - [2026-06-23T15:55:40.698+0000] {dag.py:2915} INFO - Sync 1 DAGs
[2026-06-23T15:55:40.736+0000] {logging_mixin.py:151} INFO - [2026-06-23T15:55:40.736+0000] {dag.py:3696} INFO - Setting next_dagrun for daily_crypto_lstm_pipeline to 2026-06-23T00:02:00+00:00, run_after=2026-06-24T00:02:00+00:00
[2026-06-23T15:55:40.784+0000] {processor.py:179} INFO - Processing /opt/airflow/dags/binance_daily_dag.py took 4.913 seconds
[2026-06-23T15:56:11.139+0000] {processor.py:157} INFO - Started process (PID=467) to work on /opt/airflow/dags/binance_daily_dag.py
[2026-06-23T15:56:11.141+0000] {processor.py:829} INFO - Processing file /opt/airflow/dags/binance_daily_dag.py for tasks to queue
[2026-06-23T15:56:11.142+0000] {logging_mixin.py:151} INFO - [2026-06-23T15:56:11.142+0000] {dagbag.py:539} INFO - Filling up the DagBag from /opt/airflow/dags/binance_daily_dag.py
[2026-06-23T15:56:18.651+0000] {processor.py:839} INFO - DAG(s) dict_keys(['daily_crypto_lstm_pipeline']) retrieved from /opt/airflow/dags/binance_daily_dag.py
[2026-06-23T15:56:18.698+0000] {logging_mixin.py:151} INFO - [2026-06-23T15:56:18.697+0000] {dag.py:2915} INFO - Sync 1 DAGs
[2026-06-23T15:56:18.745+0000] {logging_mixin.py:151} INFO - [2026-06-23T15:56:18.744+0000] {dag.py:3696} INFO - Setting next_dagrun for daily_crypto_lstm_pipeline to 2026-06-23T00:02:00+00:00, run_after=2026-06-24T00:02:00+00:00
[2026-06-23T15:56:18.795+0000] {processor.py:179} INFO - Processing /opt/airflow/dags/binance_daily_dag.py took 7.661 seconds
[2026-06-23T15:56:49.140+0000] {processor.py:157} INFO - Started process (PID=500) to work on /opt/airflow/dags/binance_daily_dag.py
[2026-06-23T15:56:49.147+0000] {processor.py:829} INFO - Processing file /opt/airflow/dags/binance_daily_dag.py for tasks to queue
[2026-06-23T15:56:49.156+0000] {logging_mixin.py:151} INFO - [2026-06-23T15:56:49.155+0000] {dagbag.py:539} INFO - Filling up the DagBag from /opt/airflow/dags/binance_daily_dag.py
[2026-06-23T15:56:57.451+0000] {processor.py:839} INFO - DAG(s) dict_keys(['daily_crypto_lstm_pipeline']) retrieved from /opt/airflow/dags/binance_daily_dag.py
[2026-06-23T15:56:57.494+0000] {logging_mixin.py:151} INFO - [2026-06-23T15:56:57.493+0000] {dag.py:2915} INFO - Sync 1 DAGs
[2026-06-23T15:56:57.596+0000] {logging_mixin.py:151} INFO - [2026-06-23T15:56:57.596+0000] {dag.py:3696} INFO - Setting next_dagrun for daily_crypto_lstm_pipeline to 2026-06-23T00:02:00+00:00, run_after=2026-06-24T00:02:00+00:00
[2026-06-23T15:56:57.642+0000] {processor.py:179} INFO - Processing /opt/airflow/dags/binance_daily_dag.py took 8.512 seconds
[2026-06-23T15:57:28.062+0000] {processor.py:157} INFO - Started process (PID=534) to work on /opt/airflow/dags/binance_daily_dag.py
[2026-06-23T15:57:28.067+0000] {processor.py:829} INFO - Processing file /opt/airflow/dags/binance_daily_dag.py for tasks to queue
[2026-06-23T15:57:28.070+0000] {logging_mixin.py:151} INFO - [2026-06-23T15:57:28.069+0000] {dagbag.py:539} INFO - Filling up the DagBag from /opt/airflow/dags/binance_daily_dag.py
[2026-06-23T15:57:31.909+0000] {processor.py:839} INFO - DAG(s) dict_keys(['daily_crypto_lstm_pipeline']) retrieved from /opt/airflow/dags/binance_daily_dag.py
[2026-06-23T15:57:31.937+0000] {logging_mixin.py:151} INFO - [2026-06-23T15:57:31.936+0000] {dag.py:2915} INFO - Sync 1 DAGs
[2026-06-23T15:57:31.963+0000] {logging_mixin.py:151} INFO - [2026-06-23T15:57:31.962+0000] {dag.py:3696} INFO - Setting next_dagrun for daily_crypto_lstm_pipeline to 2026-06-23T00:02:00+00:00, run_after=2026-06-24T00:02:00+00:00
[2026-06-23T15:57:31.989+0000] {processor.py:179} INFO - Processing /opt/airflow/dags/binance_daily_dag.py took 3.950 seconds
[2026-06-23T15:58:02.437+0000] {processor.py:157} INFO - Started process (PID=573) to work on /opt/airflow/dags/binance_daily_dag.py
[2026-06-23T15:58:02.438+0000] {processor.py:829} INFO - Processing file /opt/airflow/dags/binance_daily_dag.py for tasks to queue
[2026-06-23T15:58:02.439+0000] {logging_mixin.py:151} INFO - [2026-06-23T15:58:02.439+0000] {dagbag.py:539} INFO - Filling up the DagBag from /opt/airflow/dags/binance_daily_dag.py
[2026-06-23T15:58:05.470+0000] {processor.py:839} INFO - DAG(s) dict_keys(['daily_crypto_lstm_pipeline']) retrieved from /opt/airflow/dags/binance_daily_dag.py
[2026-06-23T15:58:05.495+0000] {logging_mixin.py:151} INFO - [2026-06-23T15:58:05.495+0000] {dag.py:2915} INFO - Sync 1 DAGs
[2026-06-23T15:58:05.523+0000] {logging_mixin.py:151} INFO - [2026-06-23T15:58:05.522+0000] {dag.py:3696} INFO - Setting next_dagrun for daily_crypto_lstm_pipeline to 2026-06-23T00:02:00+00:00, run_after=2026-06-24T00:02:00+00:00
[2026-06-23T15:58:05.548+0000] {processor.py:179} INFO - Processing /opt/airflow/dags/binance_daily_dag.py took 3.115 seconds
[2026-06-23T15:58:35.858+0000] {processor.py:157} INFO - Started process (PID=606) to work on /opt/airflow/dags/binance_daily_dag.py
[2026-06-23T15:58:35.860+0000] {processor.py:829} INFO - Processing file /opt/airflow/dags/binance_daily_dag.py for tasks to queue
[2026-06-23T15:58:35.862+0000] {logging_mixin.py:151} INFO - [2026-06-23T15:58:35.862+0000] {dagbag.py:539} INFO - Filling up the DagBag from /opt/airflow/dags/binance_daily_dag.py
[2026-06-23T15:58:38.633+0000] {processor.py:839} INFO - DAG(s) dict_keys(['daily_crypto_lstm_pipeline']) retrieved from /opt/airflow/dags/binance_daily_dag.py
[2026-06-23T15:58:38.663+0000] {logging_mixin.py:151} INFO - [2026-06-23T15:58:38.662+0000] {dag.py:2915} INFO - Sync 1 DAGs
[2026-06-23T15:58:38.692+0000] {logging_mixin.py:151} INFO - [2026-06-23T15:58:38.691+0000] {dag.py:3696} INFO - Setting next_dagrun for daily_crypto_lstm_pipeline to 2026-06-23T00:02:00+00:00, run_after=2026-06-24T00:02:00+00:00
[2026-06-23T15:58:38.717+0000] {processor.py:179} INFO - Processing /opt/airflow/dags/binance_daily_dag.py took 2.863 seconds
[2026-06-23T15:59:09.077+0000] {processor.py:157} INFO - Started process (PID=651) to work on /opt/airflow/dags/binance_daily_dag.py
[2026-06-23T15:59:09.078+0000] {processor.py:829} INFO - Processing file /opt/airflow/dags/binance_daily_dag.py for tasks to queue
[2026-06-23T15:59:09.080+0000] {logging_mixin.py:151} INFO - [2026-06-23T15:59:09.079+0000] {dagbag.py:539} INFO - Filling up the DagBag from /opt/airflow/dags/binance_daily_dag.py
[2026-06-23T15:59:12.417+0000] {processor.py:839} INFO - DAG(s) dict_keys(['daily_crypto_lstm_pipeline']) retrieved from /opt/airflow/dags/binance_daily_dag.py
[2026-06-23T15:59:12.443+0000] {logging_mixin.py:151} INFO - [2026-06-23T15:59:12.442+0000] {dag.py:2915} INFO - Sync 1 DAGs
[2026-06-23T15:59:12.470+0000] {logging_mixin.py:151} INFO - [2026-06-23T15:59:12.470+0000] {dag.py:3696} INFO - Setting next_dagrun for daily_crypto_lstm_pipeline to 2026-06-23T00:02:00+00:00, run_after=2026-06-24T00:02:00+00:00
[2026-06-23T15:59:12.535+0000] {processor.py:179} INFO - Processing /opt/airflow/dags/binance_daily_dag.py took 3.464 seconds
[2026-06-23T15:59:42.867+0000] {processor.py:157} INFO - Started process (PID=684) to work on /opt/airflow/dags/binance_daily_dag.py
[2026-06-23T15:59:42.868+0000] {processor.py:829} INFO - Processing file /opt/airflow/dags/binance_daily_dag.py for tasks to queue
[2026-06-23T15:59:42.869+0000] {logging_mixin.py:151} INFO - [2026-06-23T15:59:42.869+0000] {dagbag.py:539} INFO - Filling up the DagBag from /opt/airflow/dags/binance_daily_dag.py
[2026-06-23T15:59:48.183+0000] {processor.py:839} INFO - DAG(s) dict_keys(['daily_crypto_lstm_pipeline']) retrieved from /opt/airflow/dags/binance_daily_dag.py
[2026-06-23T15:59:48.231+0000] {logging_mixin.py:151} INFO - [2026-06-23T15:59:48.230+0000] {dag.py:2915} INFO - Sync 1 DAGs
[2026-06-23T15:59:48.255+0000] {logging_mixin.py:151} INFO - [2026-06-23T15:59:48.255+0000] {dag.py:3696} INFO - Setting next_dagrun for daily_crypto_lstm_pipeline to 2026-06-23T00:02:00+00:00, run_after=2026-06-24T00:02:00+00:00
[2026-06-23T15:59:48.287+0000] {processor.py:179} INFO - Processing /opt/airflow/dags/binance_daily_dag.py took 5.425 seconds
[2026-06-23T16:00:19.029+0000] {processor.py:157} INFO - Started process (PID=717) to work on /opt/airflow/dags/binance_daily_dag.py
[2026-06-23T16:00:19.054+0000] {processor.py:829} INFO - Processing file /opt/airflow/dags/binance_daily_dag.py for tasks to queue
[2026-06-23T16:00:19.066+0000] {logging_mixin.py:151} INFO - [2026-06-23T16:00:19.062+0000] {dagbag.py:539} INFO - Filling up the DagBag from /opt/airflow/dags/binance_daily_dag.py
[2026-06-23T16:00:26.055+0000] {processor.py:839} INFO - DAG(s) dict_keys(['daily_crypto_lstm_pipeline']) retrieved from /opt/airflow/dags/binance_daily_dag.py
[2026-06-23T16:00:26.078+0000] {logging_mixin.py:151} INFO - [2026-06-23T16:00:26.078+0000] {dag.py:2915} INFO - Sync 1 DAGs
[2026-06-23T16:00:26.105+0000] {logging_mixin.py:151} INFO - [2026-06-23T16:00:26.105+0000] {dag.py:3696} INFO - Setting next_dagrun for daily_crypto_lstm_pipeline to 2026-06-23T00:02:00+00:00, run_after=2026-06-24T00:02:00+00:00
[2026-06-23T16:00:26.129+0000] {processor.py:179} INFO - Processing /opt/airflow/dags/binance_daily_dag.py took 7.222 seconds
[2026-06-23T16:00:56.519+0000] {processor.py:157} INFO - Started process (PID=750) to work on /opt/airflow/dags/binance_daily_dag.py
[2026-06-23T16:00:56.525+0000] {processor.py:829} INFO - Processing file /opt/airflow/dags/binance_daily_dag.py for tasks to queue
[2026-06-23T16:00:56.530+0000] {logging_mixin.py:151} INFO - [2026-06-23T16:00:56.529+0000] {dagbag.py:539} INFO - Filling up the DagBag from /opt/airflow/dags/binance_daily_dag.py
[2026-06-23T16:01:03.407+0000] {processor.py:839} INFO - DAG(s) dict_keys(['daily_crypto_lstm_pipeline']) retrieved from /opt/airflow/dags/binance_daily_dag.py
[2026-06-23T16:01:03.440+0000] {logging_mixin.py:151} INFO - [2026-06-23T16:01:03.440+0000] {dag.py:2915} INFO - Sync 1 DAGs
[2026-06-23T16:01:03.479+0000] {logging_mixin.py:151} INFO - [2026-06-23T16:01:03.479+0000] {dag.py:3696} INFO - Setting next_dagrun for daily_crypto_lstm_pipeline to 2026-06-23T00:02:00+00:00, run_after=2026-06-24T00:02:00+00:00
[2026-06-23T16:01:03.510+0000] {processor.py:179} INFO - Processing /opt/airflow/dags/binance_daily_dag.py took 7.018 seconds
[2026-06-23T16:01:33.855+0000] {processor.py:157} INFO - Started process (PID=790) to work on /opt/airflow/dags/binance_daily_dag.py
[2026-06-23T16:01:33.860+0000] {processor.py:829} INFO - Processing file /opt/airflow/dags/binance_daily_dag.py for tasks to queue
[2026-06-23T16:01:33.865+0000] {logging_mixin.py:151} INFO - [2026-06-23T16:01:33.863+0000] {dagbag.py:539} INFO - Filling up the DagBag from /opt/airflow/dags/binance_daily_dag.py
[2026-06-23T16:01:39.324+0000] {processor.py:839} INFO - DAG(s) dict_keys(['daily_crypto_lstm_pipeline']) retrieved from /opt/airflow/dags/binance_daily_dag.py
[2026-06-23T16:01:39.356+0000] {logging_mixin.py:151} INFO - [2026-06-23T16:01:39.356+0000] {dag.py:2915} INFO - Sync 1 DAGs
[2026-06-23T16:01:39.380+0000] {logging_mixin.py:151} INFO - [2026-06-23T16:01:39.380+0000] {dag.py:3696} INFO - Setting next_dagrun for daily_crypto_lstm_pipeline to 2026-06-23T00:02:00+00:00, run_after=2026-06-24T00:02:00+00:00
[2026-06-23T16:01:39.408+0000] {processor.py:179} INFO - Processing /opt/airflow/dags/binance_daily_dag.py took 5.577 seconds
[2026-06-23T16:02:09.772+0000] {processor.py:157} INFO - Started process (PID=824) to work on /opt/airflow/dags/binance_daily_dag.py
[2026-06-23T16:02:09.773+0000] {processor.py:829} INFO - Processing file /opt/airflow/dags/binance_daily_dag.py for tasks to queue
[2026-06-23T16:02:09.774+0000] {logging_mixin.py:151} INFO - [2026-06-23T16:02:09.774+0000] {dagbag.py:539} INFO - Filling up the DagBag from /opt/airflow/dags/binance_daily_dag.py
