[2026-06-23T15:52:38.304+0000] {processor.py:157} INFO - Started process (PID=179) to work on /opt/airflow/dags/predict_daily.py
[2026-06-23T15:52:38.307+0000] {processor.py:829} INFO - Processing file /opt/airflow/dags/predict_daily.py for tasks to queue
[2026-06-23T15:52:38.309+0000] {logging_mixin.py:151} INFO - [2026-06-23T15:52:38.308+0000] {dagbag.py:539} INFO - Filling up the DagBag from /opt/airflow/dags/predict_daily.py
[2026-06-23T15:52:46.691+0000] {processor.py:841} WARNING - No viable dags retrieved from /opt/airflow/dags/predict_daily.py
[2026-06-23T15:52:46.732+0000] {processor.py:179} INFO - Processing /opt/airflow/dags/predict_daily.py took 8.444 seconds
[2026-06-23T15:53:17.339+0000] {processor.py:157} INFO - Started process (PID=274) to work on /opt/airflow/dags/predict_daily.py
[2026-06-23T15:53:17.340+0000] {processor.py:829} INFO - Processing file /opt/airflow/dags/predict_daily.py for tasks to queue
[2026-06-23T15:53:17.341+0000] {logging_mixin.py:151} INFO - [2026-06-23T15:53:17.341+0000] {dagbag.py:539} INFO - Filling up the DagBag from /opt/airflow/dags/predict_daily.py
[2026-06-23T15:53:19.844+0000] {processor.py:841} WARNING - No viable dags retrieved from /opt/airflow/dags/predict_daily.py
[2026-06-23T15:53:19.857+0000] {processor.py:179} INFO - Processing /opt/airflow/dags/predict_daily.py took 2.522 seconds
[2026-06-23T15:53:50.237+0000] {processor.py:157} INFO - Started process (PID=307) to work on /opt/airflow/dags/predict_daily.py
[2026-06-23T15:53:50.238+0000] {processor.py:829} INFO - Processing file /opt/airflow/dags/predict_daily.py for tasks to queue
[2026-06-23T15:53:50.239+0000] {logging_mixin.py:151} INFO - [2026-06-23T15:53:50.239+0000] {dagbag.py:539} INFO - Filling up the DagBag from /opt/airflow/dags/predict_daily.py
[2026-06-23T15:53:52.859+0000] {processor.py:841} WARNING - No viable dags retrieved from /opt/airflow/dags/predict_daily.py
[2026-06-23T15:53:52.874+0000] {processor.py:179} INFO - Processing /opt/airflow/dags/predict_daily.py took 2.641 seconds
[2026-06-23T15:54:23.354+0000] {processor.py:157} INFO - Started process (PID=340) to work on /opt/airflow/dags/predict_daily.py
[2026-06-23T15:54:23.355+0000] {processor.py:829} INFO - Processing file /opt/airflow/dags/predict_daily.py for tasks to queue
[2026-06-23T15:54:23.357+0000] {logging_mixin.py:151} INFO - [2026-06-23T15:54:23.356+0000] {dagbag.py:539} INFO - Filling up the DagBag from /opt/airflow/dags/predict_daily.py
[2026-06-23T15:54:26.523+0000] {processor.py:841} WARNING - No viable dags retrieved from /opt/airflow/dags/predict_daily.py
[2026-06-23T15:54:26.536+0000] {processor.py:179} INFO - Processing /opt/airflow/dags/predict_daily.py took 3.194 seconds
[2026-06-23T15:54:57.145+0000] {processor.py:157} INFO - Started process (PID=373) to work on /opt/airflow/dags/predict_daily.py
[2026-06-23T15:54:57.147+0000] {processor.py:829} INFO - Processing file /opt/airflow/dags/predict_daily.py for tasks to queue
[2026-06-23T15:54:57.150+0000] {logging_mixin.py:151} INFO - [2026-06-23T15:54:57.149+0000] {dagbag.py:539} INFO - Filling up the DagBag from /opt/airflow/dags/predict_daily.py
[2026-06-23T15:55:05.285+0000] {processor.py:841} WARNING - No viable dags retrieved from /opt/airflow/dags/predict_daily.py
[2026-06-23T15:55:05.320+0000] {processor.py:179} INFO - Processing /opt/airflow/dags/predict_daily.py took 8.184 seconds
[2026-06-23T15:55:35.855+0000] {processor.py:157} INFO - Started process (PID=413) to work on /opt/airflow/dags/predict_daily.py
[2026-06-23T15:55:35.859+0000] {processor.py:829} INFO - Processing file /opt/airflow/dags/predict_daily.py for tasks to queue
[2026-06-23T15:55:35.866+0000] {logging_mixin.py:151} INFO - [2026-06-23T15:55:35.862+0000] {dagbag.py:539} INFO - Filling up the DagBag from /opt/airflow/dags/predict_daily.py
[2026-06-23T15:55:40.635+0000] {processor.py:841} WARNING - No viable dags retrieved from /opt/airflow/dags/predict_daily.py
[2026-06-23T15:55:40.662+0000] {processor.py:179} INFO - Processing /opt/airflow/dags/predict_daily.py took 4.813 seconds
[2026-06-23T15:56:11.121+0000] {processor.py:157} INFO - Started process (PID=464) to work on /opt/airflow/dags/predict_daily.py
[2026-06-23T15:56:11.126+0000] {processor.py:829} INFO - Processing file /opt/airflow/dags/predict_daily.py for tasks to queue
[2026-06-23T15:56:11.128+0000] {logging_mixin.py:151} INFO - [2026-06-23T15:56:11.127+0000] {dagbag.py:539} INFO - Filling up the DagBag from /opt/airflow/dags/predict_daily.py
[2026-06-23T15:56:18.923+0000] {processor.py:841} WARNING - No viable dags retrieved from /opt/airflow/dags/predict_daily.py
[2026-06-23T15:56:18.942+0000] {processor.py:179} INFO - Processing /opt/airflow/dags/predict_daily.py took 7.828 seconds
[2026-06-23T15:56:49.124+0000] {processor.py:157} INFO - Started process (PID=497) to work on /opt/airflow/dags/predict_daily.py
[2026-06-23T15:56:49.126+0000] {processor.py:829} INFO - Processing file /opt/airflow/dags/predict_daily.py for tasks to queue
[2026-06-23T15:56:49.143+0000] {logging_mixin.py:151} INFO - [2026-06-23T15:56:49.140+0000] {dagbag.py:539} INFO - Filling up the DagBag from /opt/airflow/dags/predict_daily.py
[2026-06-23T15:56:57.357+0000] {processor.py:841} WARNING - No viable dags retrieved from /opt/airflow/dags/predict_daily.py
[2026-06-23T15:56:57.411+0000] {processor.py:179} INFO - Processing /opt/airflow/dags/predict_daily.py took 8.306 seconds
[2026-06-23T15:57:27.629+0000] {processor.py:157} INFO - Started process (PID=530) to work on /opt/airflow/dags/predict_daily.py
[2026-06-23T15:57:27.631+0000] {processor.py:829} INFO - Processing file /opt/airflow/dags/predict_daily.py for tasks to queue
[2026-06-23T15:57:27.632+0000] {logging_mixin.py:151} INFO - [2026-06-23T15:57:27.632+0000] {dagbag.py:539} INFO - Filling up the DagBag from /opt/airflow/dags/predict_daily.py
[2026-06-23T15:57:31.576+0000] {processor.py:841} WARNING - No viable dags retrieved from /opt/airflow/dags/predict_daily.py
[2026-06-23T15:57:31.591+0000] {processor.py:179} INFO - Processing /opt/airflow/dags/predict_daily.py took 3.967 seconds
[2026-06-23T15:58:02.428+0000] {processor.py:157} INFO - Started process (PID=570) to work on /opt/airflow/dags/predict_daily.py
[2026-06-23T15:58:02.429+0000] {processor.py:829} INFO - Processing file /opt/airflow/dags/predict_daily.py for tasks to queue
[2026-06-23T15:58:02.430+0000] {logging_mixin.py:151} INFO - [2026-06-23T15:58:02.430+0000] {dagbag.py:539} INFO - Filling up the DagBag from /opt/airflow/dags/predict_daily.py
[2026-06-23T15:58:05.444+0000] {processor.py:841} WARNING - No viable dags retrieved from /opt/airflow/dags/predict_daily.py
[2026-06-23T15:58:05.459+0000] {processor.py:179} INFO - Processing /opt/airflow/dags/predict_daily.py took 3.036 seconds
[2026-06-23T15:58:35.847+0000] {processor.py:157} INFO - Started process (PID=603) to work on /opt/airflow/dags/predict_daily.py
[2026-06-23T15:58:35.849+0000] {processor.py:829} INFO - Processing file /opt/airflow/dags/predict_daily.py for tasks to queue
[2026-06-23T15:58:35.850+0000] {logging_mixin.py:151} INFO - [2026-06-23T15:58:35.850+0000] {dagbag.py:539} INFO - Filling up the DagBag from /opt/airflow/dags/predict_daily.py
[2026-06-23T15:58:38.663+0000] {processor.py:841} WARNING - No viable dags retrieved from /opt/airflow/dags/predict_daily.py
[2026-06-23T15:58:38.678+0000] {processor.py:179} INFO - Processing /opt/airflow/dags/predict_daily.py took 2.836 seconds
[2026-06-23T15:59:09.061+0000] {processor.py:157} INFO - Started process (PID=648) to work on /opt/airflow/dags/predict_daily.py
[2026-06-23T15:59:09.062+0000] {processor.py:829} INFO - Processing file /opt/airflow/dags/predict_daily.py for tasks to queue
[2026-06-23T15:59:09.064+0000] {logging_mixin.py:151} INFO - [2026-06-23T15:59:09.063+0000] {dagbag.py:539} INFO - Filling up the DagBag from /opt/airflow/dags/predict_daily.py
[2026-06-23T15:59:12.375+0000] {processor.py:841} WARNING - No viable dags retrieved from /opt/airflow/dags/predict_daily.py
[2026-06-23T15:59:12.392+0000] {processor.py:179} INFO - Processing /opt/airflow/dags/predict_daily.py took 3.338 seconds
[2026-06-23T15:59:42.857+0000] {processor.py:157} INFO - Started process (PID=681) to work on /opt/airflow/dags/predict_daily.py
[2026-06-23T15:59:42.859+0000] {processor.py:829} INFO - Processing file /opt/airflow/dags/predict_daily.py for tasks to queue
[2026-06-23T15:59:42.861+0000] {logging_mixin.py:151} INFO - [2026-06-23T15:59:42.860+0000] {dagbag.py:539} INFO - Filling up the DagBag from /opt/airflow/dags/predict_daily.py
[2026-06-23T15:59:48.167+0000] {processor.py:841} WARNING - No viable dags retrieved from /opt/airflow/dags/predict_daily.py
[2026-06-23T15:59:48.205+0000] {processor.py:179} INFO - Processing /opt/airflow/dags/predict_daily.py took 5.354 seconds
[2026-06-23T16:00:18.899+0000] {processor.py:157} INFO - Started process (PID=714) to work on /opt/airflow/dags/predict_daily.py
[2026-06-23T16:00:18.928+0000] {processor.py:829} INFO - Processing file /opt/airflow/dags/predict_daily.py for tasks to queue
[2026-06-23T16:00:18.941+0000] {logging_mixin.py:151} INFO - [2026-06-23T16:00:18.934+0000] {dagbag.py:539} INFO - Filling up the DagBag from /opt/airflow/dags/predict_daily.py
[2026-06-23T16:00:25.986+0000] {processor.py:841} WARNING - No viable dags retrieved from /opt/airflow/dags/predict_daily.py
[2026-06-23T16:00:26.001+0000] {processor.py:179} INFO - Processing /opt/airflow/dags/predict_daily.py took 7.228 seconds
[2026-06-23T16:00:56.482+0000] {processor.py:157} INFO - Started process (PID=747) to work on /opt/airflow/dags/predict_daily.py
[2026-06-23T16:00:56.488+0000] {processor.py:829} INFO - Processing file /opt/airflow/dags/predict_daily.py for tasks to queue
[2026-06-23T16:00:56.491+0000] {logging_mixin.py:151} INFO - [2026-06-23T16:00:56.490+0000] {dagbag.py:539} INFO - Filling up the DagBag from /opt/airflow/dags/predict_daily.py
[2026-06-23T16:01:03.363+0000] {processor.py:841} WARNING - No viable dags retrieved from /opt/airflow/dags/predict_daily.py
[2026-06-23T16:01:03.408+0000] {processor.py:179} INFO - Processing /opt/airflow/dags/predict_daily.py took 6.950 seconds
[2026-06-23T16:01:33.851+0000] {processor.py:157} INFO - Started process (PID=787) to work on /opt/airflow/dags/predict_daily.py
[2026-06-23T16:01:33.857+0000] {processor.py:829} INFO - Processing file /opt/airflow/dags/predict_daily.py for tasks to queue
[2026-06-23T16:01:33.862+0000] {logging_mixin.py:151} INFO - [2026-06-23T16:01:33.861+0000] {dagbag.py:539} INFO - Filling up the DagBag from /opt/airflow/dags/predict_daily.py
[2026-06-23T16:01:39.353+0000] {processor.py:841} WARNING - No viable dags retrieved from /opt/airflow/dags/predict_daily.py
[2026-06-23T16:01:39.367+0000] {processor.py:179} INFO - Processing /opt/airflow/dags/predict_daily.py took 5.552 seconds
[2026-06-23T16:02:09.763+0000] {processor.py:157} INFO - Started process (PID=821) to work on /opt/airflow/dags/predict_daily.py
[2026-06-23T16:02:09.764+0000] {processor.py:829} INFO - Processing file /opt/airflow/dags/predict_daily.py for tasks to queue
[2026-06-23T16:02:09.765+0000] {logging_mixin.py:151} INFO - [2026-06-23T16:02:09.765+0000] {dagbag.py:539} INFO - Filling up the DagBag from /opt/airflow/dags/predict_daily.py
